load C:\Users\45684\AppData\Roaming\Python\Python313\site-packages\ortools\.libs\zlib1.dll...
load C:\Users\45684\AppData\Roaming\Python\Python313\site-packages\ortools\.libs\abseil_dll.dll...
load C:\Users\45684\AppData\Roaming\Python\Python313\site-packages\ortools\.libs\utf8_validity.dll...
load C:\Users\45684\AppData\Roaming\Python\Python313\site-packages\ortools\.libs\re2.dll...
load C:\Users\45684\AppData\Roaming\Python\Python313\site-packages\ortools\.libs\libprotobuf.dll...
load C:\Users\45684\AppData\Roaming\Python\Python313\site-packages\ortools\.libs\highs.dll...
load C:\Users\45684\AppData\Roaming\Python\Python313\site-packages\ortools\.libs\ortools.dll...
1/40 compas_real seed=43: ODT OPTIMAL acc=0.697, EMDT OPTIMAL acc=0.682, EMDT-Cell OPTIMAL acc=0.697
2/40 compas_real seed=42: ODT OPTIMAL acc=0.664, EMDT OPTIMAL acc=0.653, EMDT-Cell OPTIMAL acc=0.664
3/40 compas_real seed=45: ODT OPTIMAL acc=0.671, EMDT OPTIMAL acc=0.657, EMDT-Cell OPTIMAL acc=0.671
4/40 compas_real seed=44: ODT OPTIMAL acc=0.685, EMDT OPTIMAL acc=0.673, EMDT-Cell OPTIMAL acc=0.685
5/40 compas_real seed=46: ODT OPTIMAL acc=0.683, EMDT OPTIMAL acc=0.671, EMDT-Cell OPTIMAL acc=0.683
6/40 compas_real seed=47: ODT OPTIMAL acc=0.687, EMDT OPTIMAL acc=0.677, EMDT-Cell OPTIMAL acc=0.687
7/40 compas_real seed=48: ODT OPTIMAL acc=0.675, EMDT OPTIMAL acc=0.669, EMDT-Cell OPTIMAL acc=0.675
8/40 german_real seed=42: ODT FEASIBLE acc=0.670, EMDT FEASIBLE acc=0.705, EMDT-Cell FEASIBLE acc=0.710
9/40 compas_real seed=49: ODT OPTIMAL acc=0.674, EMDT OPTIMAL acc=0.670, EMDT-Cell OPTIMAL acc=0.674
10/40 compas_real seed=50: ODT OPTIMAL acc=0.671, EMDT OPTIMAL acc=0.670, EMDT-Cell OPTIMAL acc=0.671
11/40 compas_real seed=51: ODT OPTIMAL acc=0.677, EMDT OPTIMAL acc=0.668, EMDT-Cell OPTIMAL acc=0.677
12/40 german_real seed=43: ODT FEASIBLE acc=0.715, EMDT OPTIMAL acc=0.710, EMDT-Cell FEASIBLE acc=0.720
13/40 german_real seed=44: ODT FEASIBLE acc=0.720, EMDT OPTIMAL acc=0.725, EMDT-Cell FEASIBLE acc=0.725
14/40 german_real seed=45: ODT FEASIBLE acc=0.670, EMDT OPTIMAL acc=0.690, EMDT-Cell FEASIBLE acc=0.700
15/40 german_real seed=46: ODT FEASIBLE acc=0.690, EMDT OPTIMAL acc=0.670, EMDT-Cell FEASIBLE acc=0.690
16/40 german_real seed=48: ODT FEASIBLE acc=0.680, EMDT OPTIMAL acc=0.680, EMDT-Cell FEASIBLE acc=0.680
17/40 german_real seed=49: ODT FEASIBLE acc=0.690, EMDT OPTIMAL acc=0.675, EMDT-Cell FEASIBLE acc=0.675
18/40 german_real seed=50: ODT FEASIBLE acc=0.685, EMDT OPTIMAL acc=0.660, EMDT-Cell FEASIBLE acc=0.720
19/40 adult_income seed=43: ODT OPTIMAL acc=0.802, EMDT OPTIMAL acc=0.799, EMDT-Cell OPTIMAL acc=0.801
20/40 adult_income seed=42: ODT OPTIMAL acc=0.803, EMDT OPTIMAL acc=0.798, EMDT-Cell OPTIMAL acc=0.803
21/40 adult_income seed=45: ODT OPTIMAL acc=0.803, EMDT OPTIMAL acc=0.800, EMDT-Cell OPTIMAL acc=0.803
22/40 adult_income seed=44: ODT OPTIMAL acc=0.802, EMDT OPTIMAL acc=0.802, EMDT-Cell OPTIMAL acc=0.802
23/40 german_real seed=47: ODT FEASIBLE acc=0.700, EMDT FEASIBLE acc=0.710, EMDT-Cell FEASIBLE acc=0.710
24/40 adult_income seed=47: ODT OPTIMAL acc=0.800, EMDT OPTIMAL acc=0.796, EMDT-Cell OPTIMAL acc=0.799
25/40 adult_income seed=46: ODT OPTIMAL acc=0.805, EMDT OPTIMAL acc=0.802, EMDT-Cell OPTIMAL acc=0.804
26/40 adult_income seed=48: ODT OPTIMAL acc=0.803, EMDT OPTIMAL acc=0.799, EMDT-Cell OPTIMAL acc=0.803
27/40 adult_income seed=49: ODT OPTIMAL acc=0.804, EMDT OPTIMAL acc=0.797, EMDT-Cell OPTIMAL acc=0.803
28/40 adult_income seed=50: ODT OPTIMAL acc=0.798, EMDT OPTIMAL acc=0.794, EMDT-Cell OPTIMAL acc=0.797
29/40 bank_marketing seed=42: ODT OPTIMAL acc=0.884, EMDT OPTIMAL acc=0.884, EMDT-Cell OPTIMAL acc=0.884
30/40 adult_income seed=51: ODT OPTIMAL acc=0.799, EMDT OPTIMAL acc=0.796, EMDT-Cell OPTIMAL acc=0.799
31/40 bank_marketing seed=43: ODT OPTIMAL acc=0.882, EMDT OPTIMAL acc=0.882, EMDT-Cell OPTIMAL acc=0.882
32/40 bank_marketing seed=44: ODT OPTIMAL acc=0.883, EMDT OPTIMAL acc=0.883, EMDT-Cell OPTIMAL acc=0.883
33/40 bank_marketing seed=46: ODT OPTIMAL acc=0.883, EMDT OPTIMAL acc=0.883, EMDT-Cell OPTIMAL acc=0.883
34/40 bank_marketing seed=45: ODT OPTIMAL acc=0.884, EMDT OPTIMAL acc=0.884, EMDT-Cell OPTIMAL acc=0.884
35/40 bank_marketing seed=47: ODT OPTIMAL acc=0.884, EMDT OPTIMAL acc=0.884, EMDT-Cell OPTIMAL acc=0.884
36/40 bank_marketing seed=49: ODT OPTIMAL acc=0.884, EMDT OPTIMAL acc=0.884, EMDT-Cell OPTIMAL acc=0.884
37/40 bank_marketing seed=48: ODT OPTIMAL acc=0.882, EMDT OPTIMAL acc=0.882, EMDT-Cell OPTIMAL acc=0.882
38/40 bank_marketing seed=50: ODT OPTIMAL acc=0.884, EMDT OPTIMAL acc=0.884, EMDT-Cell OPTIMAL acc=0.884
39/40 bank_marketing seed=51: ODT OPTIMAL acc=0.884, EMDT OPTIMAL acc=0.884, EMDT-Cell OPTIMAL acc=0.884
40/40 german_real seed=51: ODT FEASIBLE acc=0.695, EMDT OPTIMAL acc=0.710, EMDT-Cell FEASIBLE acc=0.710
load C:\Users\45684\AppData\Roaming\Python\Python313\site-packages\ortools\.libs\zlib1.dll...
load C:\Users\45684\AppData\Roaming\Python\Python313\site-packages\ortools\.libs\abseil_dll.dll...
load C:\Users\45684\AppData\Roaming\Python\Python313\site-packages\ortools\.libs\utf8_validity.dll...
load C:\Users\45684\AppData\Roaming\Python\Python313\site-packages\ortools\.libs\re2.dll...
load C:\Users\45684\AppData\Roaming\Python\Python313\site-packages\ortools\.libs\libprotobuf.dll...
load C:\Users\45684\AppData\Roaming\Python\Python313\site-packages\ortools\.libs\highs.dll...
load C:\Users\45684\AppData\Roaming\Python\Python313\site-packages\ortools\.libs\ortools.dll...
load C:\Users\45684\AppData\Roaming\Python\Python313\site-packages\ortools\.libs\zlib1.dll...
load C:\Users\45684\AppData\Roaming\Python\Python313\site-packages\ortools\.libs\abseil_dll.dll...
load C:\Users\45684\AppData\Roaming\Python\Python313\site-packages\ortools\.libs\utf8_validity.dll...
load C:\Users\45684\AppData\Roaming\Python\Python313\site-packages\ortools\.libs\re2.dll...
load C:\Users\45684\AppData\Roaming\Python\Python313\site-packages\ortools\.libs\libprotobuf.dll...
load C:\Users\45684\AppData\Roaming\Python\Python313\site-packages\ortools\.libs\highs.dll...
load C:\Users\45684\AppData\Roaming\Python\Python313\site-packages\ortools\.libs\ortools.dll...
load C:\Users\45684\AppData\Roaming\Python\Python313\site-packages\ortools\.libs\zlib1.dll...
load C:\Users\45684\AppData\Roaming\Python\Python313\site-packages\ortools\.libs\abseil_dll.dll...
load C:\Users\45684\AppData\Roaming\Python\Python313\site-packages\ortools\.libs\utf8_validity.dll...
load C:\Users\45684\AppData\Roaming\Python\Python313\site-packages\ortools\.libs\re2.dll...
load C:\Users\45684\AppData\Roaming\Python\Python313\site-packages\ortools\.libs\libprotobuf.dll...
load C:\Users\45684\AppData\Roaming\Python\Python313\site-packages\ortools\.libs\highs.dll...
load C:\Users\45684\AppData\Roaming\Python\Python313\site-packages\ortools\.libs\ortools.dll...
load C:\Users\45684\AppData\Roaming\Python\Python313\site-packages\ortools\.libs\zlib1.dll...
load C:\Users\45684\AppData\Roaming\Python\Python313\site-packages\ortools\.libs\abseil_dll.dll...
load C:\Users\45684\AppData\Roaming\Python\Python313\site-packages\ortools\.libs\utf8_validity.dll...
load C:\Users\45684\AppData\Roaming\Python\Python313\site-packages\ortools\.libs\re2.dll...
load C:\Users\45684\AppData\Roaming\Python\Python313\site-packages\ortools\.libs\libprotobuf.dll...
load C:\Users\45684\AppData\Roaming\Python\Python313\site-packages\ortools\.libs\highs.dll...
load C:\Users\45684\AppData\Roaming\Python\Python313\site-packages\ortools\.libs\ortools.dll...
Stored 440 method evaluations
