load C:\Users\45684\AppData\Roaming\Python\Python313\site-packages\ortools\.libs\zlib1.dll...
load C:\Users\45684\AppData\Roaming\Python\Python313\site-packages\ortools\.libs\abseil_dll.dll...
load C:\Users\45684\AppData\Roaming\Python\Python313\site-packages\ortools\.libs\utf8_validity.dll...
load C:\Users\45684\AppData\Roaming\Python\Python313\site-packages\ortools\.libs\re2.dll...
load C:\Users\45684\AppData\Roaming\Python\Python313\site-packages\ortools\.libs\libprotobuf.dll...
load C:\Users\45684\AppData\Roaming\Python\Python313\site-packages\ortools\.libs\highs.dll...
load C:\Users\45684\AppData\Roaming\Python\Python313\site-packages\ortools\.libs\ortools.dll...
load C:\Users\45684\AppData\Roaming\Python\Python313\site-packages\ortools\.libs\zlib1.dll...
load C:\Users\45684\AppData\Roaming\Python\Python313\site-packages\ortools\.libs\abseil_dll.dll...
load C:\Users\45684\AppData\Roaming\Python\Python313\site-packages\ortools\.libs\utf8_validity.dll...
load C:\Users\45684\AppData\Roaming\Python\Python313\site-packages\ortools\.libs\re2.dll...
load C:\Users\45684\AppData\Roaming\Python\Python313\site-packages\ortools\.libs\libprotobuf.dll...
load C:\Users\45684\AppData\Roaming\Python\Python313\site-packages\ortools\.libs\highs.dll...
load C:\Users\45684\AppData\Roaming\Python\Python313\site-packages\ortools\.libs\ortools.dll...
load C:\Users\45684\AppData\Roaming\Python\Python313\site-packages\ortools\.libs\zlib1.dll...
load C:\Users\45684\AppData\Roaming\Python\Python313\site-packages\ortools\.libs\abseil_dll.dll...
load C:\Users\45684\AppData\Roaming\Python\Python313\site-packages\ortools\.libs\utf8_validity.dll...
load C:\Users\45684\AppData\Roaming\Python\Python313\site-packages\ortools\.libs\re2.dll...
load C:\Users\45684\AppData\Roaming\Python\Python313\site-packages\ortools\.libs\libprotobuf.dll...
load C:\Users\45684\AppData\Roaming\Python\Python313\site-packages\ortools\.libs\highs.dll...
load C:\Users\45684\AppData\Roaming\Python\Python313\site-packages\ortools\.libs\ortools.dll...
load C:\Users\45684\AppData\Roaming\Python\Python313\site-packages\ortools\.libs\zlib1.dll...
load C:\Users\45684\AppData\Roaming\Python\Python313\site-packages\ortools\.libs\abseil_dll.dll...
load C:\Users\45684\AppData\Roaming\Python\Python313\site-packages\ortools\.libs\utf8_validity.dll...
load C:\Users\45684\AppData\Roaming\Python\Python313\site-packages\ortools\.libs\re2.dll...
load C:\Users\45684\AppData\Roaming\Python\Python313\site-packages\ortools\.libs\libprotobuf.dll...
load C:\Users\45684\AppData\Roaming\Python\Python313\site-packages\ortools\.libs\highs.dll...
load C:\Users\45684\AppData\Roaming\Python\Python313\site-packages\ortools\.libs\ortools.dll...
load C:\Users\45684\AppData\Roaming\Python\Python313\site-packages\ortools\.libs\zlib1.dll...
load C:\Users\45684\AppData\Roaming\Python\Python313\site-packages\ortools\.libs\abseil_dll.dll...
load C:\Users\45684\AppData\Roaming\Python\Python313\site-packages\ortools\.libs\utf8_validity.dll...
load C:\Users\45684\AppData\Roaming\Python\Python313\site-packages\ortools\.libs\re2.dll...
load C:\Users\45684\AppData\Roaming\Python\Python313\site-packages\ortools\.libs\libprotobuf.dll...
load C:\Users\45684\AppData\Roaming\Python\Python313\site-packages\ortools\.libs\highs.dll...
load C:\Users\45684\AppData\Roaming\Python\Python313\site-packages\ortools\.libs\ortools.dll...
Study     Generator   Noise  Method 
Depth     Linear      0.10   CART       0.628500
                             EMDT-DP    0.630500
Features  Linear      0.10   CART       0.654333
                             EMDT-DP    0.655333
Noise     Linear      0.10   CART       0.623333
                             EMDT-DP    0.644167
                      0.25   CART       0.575000
                             EMDT-DP    0.597500
          Polynomial  0.10   CART       0.606667
                             EMDT-DP    0.628333
                      0.25   CART       0.545833
                             EMDT-DP    0.590000
Size      Linear      0.10   CART       0.622433
                             EMDT-DP    0.653833
